client/src/pages/GameEngine.tsx(8,22): error TS7016: Could not find a declaration file for module 'canvas-confetti'. 'C:/Users/biran/Downloads/Love-Bond-Game/Love-Bond-Game/node_modules/canvas-confetti/src/confetti.js' implicitly has an 'any' type.
  Try `npm i --save-dev @types/canvas-confetti` if it exists or add a new declaration (.d.ts) file containing `declare module 'canvas-confetti';`
client/src/pages/GameEngine.tsx(38,45): error TS7006: Parameter 'a' implicitly has an 'any' type.
client/src/pages/GameEngine.tsx(39,44): error TS7006: Parameter 'a' implicitly has an 'any' type.
client/src/pages/GameEngine.tsx(95,42): error TS7006: Parameter 'p' implicitly has an 'any' type.
client/src/pages/GameHub.tsx(34,38): error TS7006: Parameter 'p' implicitly has an 'any' type.
client/src/pages/GameHub.tsx(35,56): error TS7006: Parameter 'a' implicitly has an 'any' type.
client/src/pages/GameHub.tsx(36,61): error TS7006: Parameter 'a' implicitly has an 'any' type.
client/src/pages/GameHub.tsx(54,35): error TS7006: Parameter 'a' implicitly has an 'any' type.
client/src/pages/GameHub.tsx(68,39): error TS7006: Parameter 'a' implicitly has an 'any' type.
client/src/pages/GameHub.tsx(69,49): error TS7006: Parameter 'a' implicitly has an 'any' type.
client/src/pages/GameHub.tsx(127,58): error TS7006: Parameter 'a' implicitly has an 'any' type.
shared/routes.ts(2,10): error TS2305: Module '"./schema"' has no exported member 'insertAnswerSchema'.
shared/routes.ts(2,37): error TS2305: Module '"./schema"' has no exported member 'players'.
shared/routes.ts(2,46): error TS2305: Module '"./schema"' has no exported member 'answers'.
